PS D:\Internship Project\github-page> git init
Initialized empty Git repository in D:/Internship Project/github-page/.git/

PS D:\Internship Project\github-page> git add index.html

PS D:\Internship Project\github-page> git commit -m "Initial commit"
[master (root-commit) 4eb9df7] Initial commit
 1 file changed, 23 insertions(+)
 create mode 100644 index.html

PS D:\Internship Project\github-page> git remote add origin https://github.com/waytoshubham/github-page.git

PS D:\Internship Project\github-page> git push -u origin master
Enumerating objects: 3, done.
Counting objects: 100% (3/3), done.
Delta compression using up to 8 threads
Compressing objects: 100% (2/2), done.
Writing objects: 100% (3/3), 493 bytes | 493.00 KiB/s, done.
Total 3 (delta 0), reused 0 (delta 0), pack-reused 0
To https://github.com/waytoshubham/github-page.git
 * [new branch]      master -> master
branch 'master' set up to track 'origin/master'.

PS D:\Internship Project\github-page> git add .
PS D:\Internship Project\github-page> git commit -m "add readme"
[master 33584f0] add readme
 3 files changed, 95 insertions(+)
 create mode 100644 readme.md
 create mode 100644 style.css
 
PS D:\Internship Project\github-page> git push -u origin master
Enumerating objects: 7, done.
Counting objects: 100% (7/7), done.
Delta compression using up to 8 threads
Compressing objects: 100% (5/5), done.
Writing objects: 100% (5/5), 1.30 KiB | 445.00 KiB/s, done.
Total 5 (delta 1), reused 0 (delta 0), pack-reused 0
remote: Resolving deltas: 100% (1/1), completed with 1 local object.
To https://github.com/waytoshubham/github-page.git
   4eb9df7..33584f0  master -> master
branch 'master' set up to track 'origin/master'.
PS D:\Internship Project\github-page>